// Jest Snapshot v1, https://goo.gl/fbAQLP

exports[`renders Deal Page correctly 1`] = `
<div>
  <div
    className="div-border"
  >
    <u>
       Deal Financials for  
       
    </u>
    <br />
    Entity_ID: 
    20
      
    <br />
    Deal_ID: 
    1001
      
    <br />
    total_assets: 
    $0.00
      
    <br />
    total_debt: 
    $0.00
      
    <br />
    equity_value: 
    $0.00
      
    <br />
    notes: 
      
    <br />
    <br />
  </div>
  <br />
  <br />
  <br />
</div>
`;
